DEBUG - 2026-09-20 03:27:34 --> Session: Class initialized using 'CodeIgniter\Session\Handlers\FileHandler' driver.
DEBUG - 2026-09-20 03:27:46 --> Session: Class initialized using 'CodeIgniter\Session\Handlers\FileHandler' driver.
DEBUG - 2026-09-20 03:27:51 --> Session: Class initialized using 'CodeIgniter\Session\Handlers\FileHandler' driver.
DEBUG - 2026-09-20 03:27:52 --> Session: Class initialized using 'CodeIgniter\Session\Handlers\FileHandler' driver.
DEBUG - 2026-09-20 03:28:08 --> Session: Class initialized using 'CodeIgniter\Session\Handlers\FileHandler' driver.
DEBUG - 2026-09-20 03:28:08 --> Session: Class initialized using 'CodeIgniter\Session\Handlers\FileHandler' driver.
DEBUG - 2026-09-20 03:28:19 --> Session: Class initialized using 'CodeIgniter\Session\Handlers\FileHandler' driver.
DEBUG - 2026-09-20 03:28:24 --> Session: Class initialized using 'CodeIgniter\Session\Handlers\FileHandler' driver.
DEBUG - 2026-09-20 03:28:30 --> Session: Class initialized using 'CodeIgniter\Session\Handlers\FileHandler' driver.
DEBUG - 2026-09-20 03:28:34 --> Session: Class initialized using 'CodeIgniter\Session\Handlers\FileHandler' driver.
ERROR - 2026-09-20 03:28:34 --> Unknown column 'r.status' in 'where clause'
in SYSTEMPATH\Database\MySQLi\Connection.php on line 300.
 1 SYSTEMPATH\Database\MySQLi\Connection.php(300): mysqli->query('SELECT `r`.*, `p`.`tanggal_jual`, `u_kasir`.`nama_user` as `nama_kasir`, `u_spv`.`nama_user` as `nama_spv`
FROM `retur` `r`
JOIN `penjualan` `p` ON `p`.`id_penjualan` = `r`.`id_penjualan`
LEFT JOIN `users` `u_kasir` ON `u_kasir`.`user_id` = `r`.`user_id_kasir`
LEFT JOIN `users` `u_spv` ON `u_spv`.`user_id` = `r`.`user_id_spv`
WHERE `r`.`status` = \'pending\'
ORDER BY `r`.`tanggal_retur` DESC', 0)
 2 SYSTEMPATH\Database\BaseConnection.php(908): CodeIgniter\Database\MySQLi\Connection->execute('SELECT `r`.*, `p`.`tanggal_jual`, `u_kasir`.`nama_user` as `nama_kasir`, `u_spv`.`nama_user` as `nama_spv`
FROM `retur` `r`
JOIN `penjualan` `p` ON `p`.`id_penjualan` = `r`.`id_penjualan`
LEFT JOIN `users` `u_kasir` ON `u_kasir`.`user_id` = `r`.`user_id_kasir`
LEFT JOIN `users` `u_spv` ON `u_spv`.`user_id` = `r`.`user_id_spv`
WHERE `r`.`status` = \'pending\'
ORDER BY `r`.`tanggal_retur` DESC')
 3 SYSTEMPATH\Database\BaseConnection.php(825): CodeIgniter\Database\BaseConnection->simpleQuery('SELECT `r`.*, `p`.`tanggal_jual`, `u_kasir`.`nama_user` as `nama_kasir`, `u_spv`.`nama_user` as `nama_spv`
FROM `retur` `r`
JOIN `penjualan` `p` ON `p`.`id_penjualan` = `r`.`id_penjualan`
LEFT JOIN `users` `u_kasir` ON `u_kasir`.`user_id` = `r`.`user_id_kasir`
LEFT JOIN `users` `u_spv` ON `u_spv`.`user_id` = `r`.`user_id_spv`
WHERE `r`.`status` = \'pending\'
ORDER BY `r`.`tanggal_retur` DESC')
 4 SYSTEMPATH\Database\BaseBuilder.php(1659): CodeIgniter\Database\BaseConnection->query('SELECT `r`.*, `p`.`tanggal_jual`, `u_kasir`.`nama_user` as `nama_kasir`, `u_spv`.`nama_user` as `nama_spv`
FROM `retur` `r`
JOIN `penjualan` `p` ON `p`.`id_penjualan` = `r`.`id_penjualan`
LEFT JOIN `users` `u_kasir` ON `u_kasir`.`user_id` = `r`.`user_id_kasir`
LEFT JOIN `users` `u_spv` ON `u_spv`.`user_id` = `r`.`user_id_spv`
WHERE `r`.`status` = :r.status:
ORDER BY `r`.`tanggal_retur` DESC', [...], false)
 5 APPPATH\Models\ReturModel.php(69): CodeIgniter\Database\BaseBuilder->get()
 6 APPPATH\Controllers\ReturCustomer.php(48): App\Models\ReturModel->getReturWithRelations(null, 'pending')
 7 SYSTEMPATH\CodeIgniter.php(974): App\Controllers\ReturCustomer->index()
 8 SYSTEMPATH\CodeIgniter.php(520): CodeIgniter\CodeIgniter->runController(Object(App\Controllers\ReturCustomer))
 9 SYSTEMPATH\CodeIgniter.php(363): CodeIgniter\CodeIgniter->handleRequest(null, Object(Config\Cache), false)
10 SYSTEMPATH\Boot.php(417): CodeIgniter\CodeIgniter->run()
11 SYSTEMPATH\Boot.php(68): CodeIgniter\Boot::runCodeIgniter(Object(CodeIgniter\CodeIgniter))
12 FCPATH\index.php(59): CodeIgniter\Boot::bootWeb(Object(Config\Paths))
13 SYSTEMPATH\rewrite.php(44): require_once('C:\\xampp\\htdocs\\posystem\\public\\index.php')
CRITICAL - 2026-09-20 03:28:34 --> CodeIgniter\Database\Exceptions\DatabaseException: Unknown column 'r.status' in 'where clause'
[Method: GET, Route: retur-customer]
in SYSTEMPATH\Database\BaseConnection.php on line 863.
 1 SYSTEMPATH\Database\BaseBuilder.php(1659): CodeIgniter\Database\BaseConnection->query('SELECT `r`.*, `p`.`tanggal_jual`, `u_kasir`.`nama_user` as `nama_kasir`, `u_spv`.`nama_user` as `nama_spv`
FROM `retur` `r`
JOIN `penjualan` `p` ON `p`.`id_penjualan` = `r`.`id_penjualan`
LEFT JOIN `users` `u_kasir` ON `u_kasir`.`user_id` = `r`.`user_id_kasir`
LEFT JOIN `users` `u_spv` ON `u_spv`.`user_id` = `r`.`user_id_spv`
WHERE `r`.`status` = :r.status:
ORDER BY `r`.`tanggal_retur` DESC', [...], false)
 2 APPPATH\Models\ReturModel.php(69): CodeIgniter\Database\BaseBuilder->get()
 3 APPPATH\Controllers\ReturCustomer.php(48): App\Models\ReturModel->getReturWithRelations(null, 'pending')
 4 SYSTEMPATH\CodeIgniter.php(974): App\Controllers\ReturCustomer->index()
 5 SYSTEMPATH\CodeIgniter.php(520): CodeIgniter\CodeIgniter->runController(Object(App\Controllers\ReturCustomer))
 6 SYSTEMPATH\CodeIgniter.php(363): CodeIgniter\CodeIgniter->handleRequest(null, Object(Config\Cache), false)
 7 SYSTEMPATH\Boot.php(417): CodeIgniter\CodeIgniter->run()
 8 SYSTEMPATH\Boot.php(68): CodeIgniter\Boot::runCodeIgniter(Object(CodeIgniter\CodeIgniter))
 9 FCPATH\index.php(59): CodeIgniter\Boot::bootWeb(Object(Config\Paths))
10 SYSTEMPATH\rewrite.php(44): require_once('C:\\xampp\\htdocs\\posystem\\public\\index.php')
CRITICAL - 2026-09-20 03:28:34 --> [Caused by] CodeIgniter\Database\Exceptions\DatabaseException: Unknown column 'r.status' in 'where clause'
in SYSTEMPATH\Database\MySQLi\Connection.php on line 310.
 1 SYSTEMPATH\Database\BaseConnection.php(908): CodeIgniter\Database\MySQLi\Connection->execute('SELECT `r`.*, `p`.`tanggal_jual`, `u_kasir`.`nama_user` as `nama_kasir`, `u_spv`.`nama_user` as `nama_spv`
FROM `retur` `r`
JOIN `penjualan` `p` ON `p`.`id_penjualan` = `r`.`id_penjualan`
LEFT JOIN `users` `u_kasir` ON `u_kasir`.`user_id` = `r`.`user_id_kasir`
LEFT JOIN `users` `u_spv` ON `u_spv`.`user_id` = `r`.`user_id_spv`
WHERE `r`.`status` = \'pending\'
ORDER BY `r`.`tanggal_retur` DESC')
 2 SYSTEMPATH\Database\BaseConnection.php(825): CodeIgniter\Database\BaseConnection->simpleQuery('SELECT `r`.*, `p`.`tanggal_jual`, `u_kasir`.`nama_user` as `nama_kasir`, `u_spv`.`nama_user` as `nama_spv`
FROM `retur` `r`
JOIN `penjualan` `p` ON `p`.`id_penjualan` = `r`.`id_penjualan`
LEFT JOIN `users` `u_kasir` ON `u_kasir`.`user_id` = `r`.`user_id_kasir`
LEFT JOIN `users` `u_spv` ON `u_spv`.`user_id` = `r`.`user_id_spv`
WHERE `r`.`status` = \'pending\'
ORDER BY `r`.`tanggal_retur` DESC')
 3 SYSTEMPATH\Database\BaseBuilder.php(1659): CodeIgniter\Database\BaseConnection->query('SELECT `r`.*, `p`.`tanggal_jual`, `u_kasir`.`nama_user` as `nama_kasir`, `u_spv`.`nama_user` as `nama_spv`
FROM `retur` `r`
JOIN `penjualan` `p` ON `p`.`id_penjualan` = `r`.`id_penjualan`
LEFT JOIN `users` `u_kasir` ON `u_kasir`.`user_id` = `r`.`user_id_kasir`
LEFT JOIN `users` `u_spv` ON `u_spv`.`user_id` = `r`.`user_id_spv`
WHERE `r`.`status` = :r.status:
ORDER BY `r`.`tanggal_retur` DESC', [...], false)
 4 APPPATH\Models\ReturModel.php(69): CodeIgniter\Database\BaseBuilder->get()
 5 APPPATH\Controllers\ReturCustomer.php(48): App\Models\ReturModel->getReturWithRelations(null, 'pending')
 6 SYSTEMPATH\CodeIgniter.php(974): App\Controllers\ReturCustomer->index()
 7 SYSTEMPATH\CodeIgniter.php(520): CodeIgniter\CodeIgniter->runController(Object(App\Controllers\ReturCustomer))
 8 SYSTEMPATH\CodeIgniter.php(363): CodeIgniter\CodeIgniter->handleRequest(null, Object(Config\Cache), false)
 9 SYSTEMPATH\Boot.php(417): CodeIgniter\CodeIgniter->run()
10 SYSTEMPATH\Boot.php(68): CodeIgniter\Boot::runCodeIgniter(Object(CodeIgniter\CodeIgniter))
11 FCPATH\index.php(59): CodeIgniter\Boot::bootWeb(Object(Config\Paths))
12 SYSTEMPATH\rewrite.php(44): require_once('C:\\xampp\\htdocs\\posystem\\public\\index.php')
CRITICAL - 2026-09-20 03:28:34 --> [Caused by] mysqli_sql_exception: Unknown column 'r.status' in 'where clause'
in SYSTEMPATH\Database\MySQLi\Connection.php on line 300.
 1 SYSTEMPATH\Database\MySQLi\Connection.php(300): mysqli->query('SELECT `r`.*, `p`.`tanggal_jual`, `u_kasir`.`nama_user` as `nama_kasir`, `u_spv`.`nama_user` as `nama_spv`
FROM `retur` `r`
JOIN `penjualan` `p` ON `p`.`id_penjualan` = `r`.`id_penjualan`
LEFT JOIN `users` `u_kasir` ON `u_kasir`.`user_id` = `r`.`user_id_kasir`
LEFT JOIN `users` `u_spv` ON `u_spv`.`user_id` = `r`.`user_id_spv`
WHERE `r`.`status` = \'pending\'
ORDER BY `r`.`tanggal_retur` DESC', 0)
 2 SYSTEMPATH\Database\BaseConnection.php(908): CodeIgniter\Database\MySQLi\Connection->execute('SELECT `r`.*, `p`.`tanggal_jual`, `u_kasir`.`nama_user` as `nama_kasir`, `u_spv`.`nama_user` as `nama_spv`
FROM `retur` `r`
JOIN `penjualan` `p` ON `p`.`id_penjualan` = `r`.`id_penjualan`
LEFT JOIN `users` `u_kasir` ON `u_kasir`.`user_id` = `r`.`user_id_kasir`
LEFT JOIN `users` `u_spv` ON `u_spv`.`user_id` = `r`.`user_id_spv`
WHERE `r`.`status` = \'pending\'
ORDER BY `r`.`tanggal_retur` DESC')
 3 SYSTEMPATH\Database\BaseConnection.php(825): CodeIgniter\Database\BaseConnection->simpleQuery('SELECT `r`.*, `p`.`tanggal_jual`, `u_kasir`.`nama_user` as `nama_kasir`, `u_spv`.`nama_user` as `nama_spv`
FROM `retur` `r`
JOIN `penjualan` `p` ON `p`.`id_penjualan` = `r`.`id_penjualan`
LEFT JOIN `users` `u_kasir` ON `u_kasir`.`user_id` = `r`.`user_id_kasir`
LEFT JOIN `users` `u_spv` ON `u_spv`.`user_id` = `r`.`user_id_spv`
WHERE `r`.`status` = \'pending\'
ORDER BY `r`.`tanggal_retur` DESC')
 4 SYSTEMPATH\Database\BaseBuilder.php(1659): CodeIgniter\Database\BaseConnection->query('SELECT `r`.*, `p`.`tanggal_jual`, `u_kasir`.`nama_user` as `nama_kasir`, `u_spv`.`nama_user` as `nama_spv`
FROM `retur` `r`
JOIN `penjualan` `p` ON `p`.`id_penjualan` = `r`.`id_penjualan`
LEFT JOIN `users` `u_kasir` ON `u_kasir`.`user_id` = `r`.`user_id_kasir`
LEFT JOIN `users` `u_spv` ON `u_spv`.`user_id` = `r`.`user_id_spv`
WHERE `r`.`status` = :r.status:
ORDER BY `r`.`tanggal_retur` DESC', [...], false)
 5 APPPATH\Models\ReturModel.php(69): CodeIgniter\Database\BaseBuilder->get()
 6 APPPATH\Controllers\ReturCustomer.php(48): App\Models\ReturModel->getReturWithRelations(null, 'pending')
 7 SYSTEMPATH\CodeIgniter.php(974): App\Controllers\ReturCustomer->index()
 8 SYSTEMPATH\CodeIgniter.php(520): CodeIgniter\CodeIgniter->runController(Object(App\Controllers\ReturCustomer))
 9 SYSTEMPATH\CodeIgniter.php(363): CodeIgniter\CodeIgniter->handleRequest(null, Object(Config\Cache), false)
10 SYSTEMPATH\Boot.php(417): CodeIgniter\CodeIgniter->run()
11 SYSTEMPATH\Boot.php(68): CodeIgniter\Boot::runCodeIgniter(Object(CodeIgniter\CodeIgniter))
12 FCPATH\index.php(59): CodeIgniter\Boot::bootWeb(Object(Config\Paths))
13 SYSTEMPATH\rewrite.php(44): require_once('C:\\xampp\\htdocs\\posystem\\public\\index.php')
DEBUG - 2026-09-20 03:28:42 --> Session: Class initialized using 'CodeIgniter\Session\Handlers\FileHandler' driver.
DEBUG - 2026-09-20 03:28:43 --> Session: Class initialized using 'CodeIgniter\Session\Handlers\FileHandler' driver.
DEBUG - 2026-09-20 03:28:56 --> Session: Class initialized using 'CodeIgniter\Session\Handlers\FileHandler' driver.
DEBUG - 2026-09-20 03:29:22 --> Session: Class initialized using 'CodeIgniter\Session\Handlers\FileHandler' driver.
DEBUG - 2026-09-20 03:30:10 --> Session: Class initialized using 'CodeIgniter\Session\Handlers\FileHandler' driver.
DEBUG - 2026-09-20 03:30:11 --> Session: Class initialized using 'CodeIgniter\Session\Handlers\FileHandler' driver.
DEBUG - 2026-09-20 03:30:32 --> Session: Class initialized using 'CodeIgniter\Session\Handlers\FileHandler' driver.
DEBUG - 2026-09-20 03:30:41 --> Session: Class initialized using 'CodeIgniter\Session\Handlers\FileHandler' driver.
DEBUG - 2026-09-20 03:30:42 --> Session: Class initialized using 'CodeIgniter\Session\Handlers\FileHandler' driver.
DEBUG - 2026-09-20 03:32:13 --> Session: Class initialized using 'CodeIgniter\Session\Handlers\FileHandler' driver.
DEBUG - 2026-09-20 03:32:15 --> Session: Class initialized using 'CodeIgniter\Session\Handlers\FileHandler' driver.
DEBUG - 2026-09-20 03:45:17 --> Session: Class initialized using 'CodeIgniter\Session\Handlers\FileHandler' driver.
ERROR - 2026-09-20 03:45:17 --> Unknown column 'r.status' in 'where clause'
in SYSTEMPATH\Database\MySQLi\Connection.php on line 300.
 1 SYSTEMPATH\Database\MySQLi\Connection.php(300): mysqli->query('SELECT `r`.*, `p`.`tanggal_jual`, `u_kasir`.`nama_user` as `nama_kasir`, `u_spv`.`nama_user` as `nama_spv`
FROM `retur` `r`
JOIN `penjualan` `p` ON `p`.`id_penjualan` = `r`.`id_penjualan`
LEFT JOIN `users` `u_kasir` ON `u_kasir`.`user_id` = `r`.`user_id_kasir`
LEFT JOIN `users` `u_spv` ON `u_spv`.`user_id` = `r`.`user_id_spv`
WHERE `r`.`status` = \'pending\'
ORDER BY `r`.`tanggal_retur` DESC', 0)
 2 SYSTEMPATH\Database\BaseConnection.php(908): CodeIgniter\Database\MySQLi\Connection->execute('SELECT `r`.*, `p`.`tanggal_jual`, `u_kasir`.`nama_user` as `nama_kasir`, `u_spv`.`nama_user` as `nama_spv`
FROM `retur` `r`
JOIN `penjualan` `p` ON `p`.`id_penjualan` = `r`.`id_penjualan`
LEFT JOIN `users` `u_kasir` ON `u_kasir`.`user_id` = `r`.`user_id_kasir`
LEFT JOIN `users` `u_spv` ON `u_spv`.`user_id` = `r`.`user_id_spv`
WHERE `r`.`status` = \'pending\'
ORDER BY `r`.`tanggal_retur` DESC')
 3 SYSTEMPATH\Database\BaseConnection.php(825): CodeIgniter\Database\BaseConnection->simpleQuery('SELECT `r`.*, `p`.`tanggal_jual`, `u_kasir`.`nama_user` as `nama_kasir`, `u_spv`.`nama_user` as `nama_spv`
FROM `retur` `r`
JOIN `penjualan` `p` ON `p`.`id_penjualan` = `r`.`id_penjualan`
LEFT JOIN `users` `u_kasir` ON `u_kasir`.`user_id` = `r`.`user_id_kasir`
LEFT JOIN `users` `u_spv` ON `u_spv`.`user_id` = `r`.`user_id_spv`
WHERE `r`.`status` = \'pending\'
ORDER BY `r`.`tanggal_retur` DESC')
 4 SYSTEMPATH\Database\BaseBuilder.php(1659): CodeIgniter\Database\BaseConnection->query('SELECT `r`.*, `p`.`tanggal_jual`, `u_kasir`.`nama_user` as `nama_kasir`, `u_spv`.`nama_user` as `nama_spv`
FROM `retur` `r`
JOIN `penjualan` `p` ON `p`.`id_penjualan` = `r`.`id_penjualan`
LEFT JOIN `users` `u_kasir` ON `u_kasir`.`user_id` = `r`.`user_id_kasir`
LEFT JOIN `users` `u_spv` ON `u_spv`.`user_id` = `r`.`user_id_spv`
WHERE `r`.`status` = :r.status:
ORDER BY `r`.`tanggal_retur` DESC', [...], false)
 5 APPPATH\Models\ReturModel.php(69): CodeIgniter\Database\BaseBuilder->get()
 6 APPPATH\Controllers\ReturCustomer.php(48): App\Models\ReturModel->getReturWithRelations(null, 'pending')
 7 SYSTEMPATH\CodeIgniter.php(974): App\Controllers\ReturCustomer->index()
 8 SYSTEMPATH\CodeIgniter.php(520): CodeIgniter\CodeIgniter->runController(Object(App\Controllers\ReturCustomer))
 9 SYSTEMPATH\CodeIgniter.php(363): CodeIgniter\CodeIgniter->handleRequest(null, Object(Config\Cache), false)
10 SYSTEMPATH\Boot.php(417): CodeIgniter\CodeIgniter->run()
11 SYSTEMPATH\Boot.php(68): CodeIgniter\Boot::runCodeIgniter(Object(CodeIgniter\CodeIgniter))
12 FCPATH\index.php(59): CodeIgniter\Boot::bootWeb(Object(Config\Paths))
13 SYSTEMPATH\rewrite.php(44): require_once('C:\\xampp\\htdocs\\posystem\\public\\index.php')
CRITICAL - 2026-09-20 03:45:17 --> CodeIgniter\Database\Exceptions\DatabaseException: Unknown column 'r.status' in 'where clause'
[Method: GET, Route: retur-customer]
in SYSTEMPATH\Database\BaseConnection.php on line 863.
 1 SYSTEMPATH\Database\BaseBuilder.php(1659): CodeIgniter\Database\BaseConnection->query('SELECT `r`.*, `p`.`tanggal_jual`, `u_kasir`.`nama_user` as `nama_kasir`, `u_spv`.`nama_user` as `nama_spv`
FROM `retur` `r`
JOIN `penjualan` `p` ON `p`.`id_penjualan` = `r`.`id_penjualan`
LEFT JOIN `users` `u_kasir` ON `u_kasir`.`user_id` = `r`.`user_id_kasir`
LEFT JOIN `users` `u_spv` ON `u_spv`.`user_id` = `r`.`user_id_spv`
WHERE `r`.`status` = :r.status:
ORDER BY `r`.`tanggal_retur` DESC', [...], false)
 2 APPPATH\Models\ReturModel.php(69): CodeIgniter\Database\BaseBuilder->get()
 3 APPPATH\Controllers\ReturCustomer.php(48): App\Models\ReturModel->getReturWithRelations(null, 'pending')
 4 SYSTEMPATH\CodeIgniter.php(974): App\Controllers\ReturCustomer->index()
 5 SYSTEMPATH\CodeIgniter.php(520): CodeIgniter\CodeIgniter->runController(Object(App\Controllers\ReturCustomer))
 6 SYSTEMPATH\CodeIgniter.php(363): CodeIgniter\CodeIgniter->handleRequest(null, Object(Config\Cache), false)
 7 SYSTEMPATH\Boot.php(417): CodeIgniter\CodeIgniter->run()
 8 SYSTEMPATH\Boot.php(68): CodeIgniter\Boot::runCodeIgniter(Object(CodeIgniter\CodeIgniter))
 9 FCPATH\index.php(59): CodeIgniter\Boot::bootWeb(Object(Config\Paths))
10 SYSTEMPATH\rewrite.php(44): require_once('C:\\xampp\\htdocs\\posystem\\public\\index.php')
CRITICAL - 2026-09-20 03:45:17 --> [Caused by] CodeIgniter\Database\Exceptions\DatabaseException: Unknown column 'r.status' in 'where clause'
in SYSTEMPATH\Database\MySQLi\Connection.php on line 310.
 1 SYSTEMPATH\Database\BaseConnection.php(908): CodeIgniter\Database\MySQLi\Connection->execute('SELECT `r`.*, `p`.`tanggal_jual`, `u_kasir`.`nama_user` as `nama_kasir`, `u_spv`.`nama_user` as `nama_spv`
FROM `retur` `r`
JOIN `penjualan` `p` ON `p`.`id_penjualan` = `r`.`id_penjualan`
LEFT JOIN `users` `u_kasir` ON `u_kasir`.`user_id` = `r`.`user_id_kasir`
LEFT JOIN `users` `u_spv` ON `u_spv`.`user_id` = `r`.`user_id_spv`
WHERE `r`.`status` = \'pending\'
ORDER BY `r`.`tanggal_retur` DESC')
 2 SYSTEMPATH\Database\BaseConnection.php(825): CodeIgniter\Database\BaseConnection->simpleQuery('SELECT `r`.*, `p`.`tanggal_jual`, `u_kasir`.`nama_user` as `nama_kasir`, `u_spv`.`nama_user` as `nama_spv`
FROM `retur` `r`
JOIN `penjualan` `p` ON `p`.`id_penjualan` = `r`.`id_penjualan`
LEFT JOIN `users` `u_kasir` ON `u_kasir`.`user_id` = `r`.`user_id_kasir`
LEFT JOIN `users` `u_spv` ON `u_spv`.`user_id` = `r`.`user_id_spv`
WHERE `r`.`status` = \'pending\'
ORDER BY `r`.`tanggal_retur` DESC')
 3 SYSTEMPATH\Database\BaseBuilder.php(1659): CodeIgniter\Database\BaseConnection->query('SELECT `r`.*, `p`.`tanggal_jual`, `u_kasir`.`nama_user` as `nama_kasir`, `u_spv`.`nama_user` as `nama_spv`
FROM `retur` `r`
JOIN `penjualan` `p` ON `p`.`id_penjualan` = `r`.`id_penjualan`
LEFT JOIN `users` `u_kasir` ON `u_kasir`.`user_id` = `r`.`user_id_kasir`
LEFT JOIN `users` `u_spv` ON `u_spv`.`user_id` = `r`.`user_id_spv`
WHERE `r`.`status` = :r.status:
ORDER BY `r`.`tanggal_retur` DESC', [...], false)
 4 APPPATH\Models\ReturModel.php(69): CodeIgniter\Database\BaseBuilder->get()
 5 APPPATH\Controllers\ReturCustomer.php(48): App\Models\ReturModel->getReturWithRelations(null, 'pending')
 6 SYSTEMPATH\CodeIgniter.php(974): App\Controllers\ReturCustomer->index()
 7 SYSTEMPATH\CodeIgniter.php(520): CodeIgniter\CodeIgniter->runController(Object(App\Controllers\ReturCustomer))
 8 SYSTEMPATH\CodeIgniter.php(363): CodeIgniter\CodeIgniter->handleRequest(null, Object(Config\Cache), false)
 9 SYSTEMPATH\Boot.php(417): CodeIgniter\CodeIgniter->run()
10 SYSTEMPATH\Boot.php(68): CodeIgniter\Boot::runCodeIgniter(Object(CodeIgniter\CodeIgniter))
11 FCPATH\index.php(59): CodeIgniter\Boot::bootWeb(Object(Config\Paths))
12 SYSTEMPATH\rewrite.php(44): require_once('C:\\xampp\\htdocs\\posystem\\public\\index.php')
CRITICAL - 2026-09-20 03:45:17 --> [Caused by] mysqli_sql_exception: Unknown column 'r.status' in 'where clause'
in SYSTEMPATH\Database\MySQLi\Connection.php on line 300.
 1 SYSTEMPATH\Database\MySQLi\Connection.php(300): mysqli->query('SELECT `r`.*, `p`.`tanggal_jual`, `u_kasir`.`nama_user` as `nama_kasir`, `u_spv`.`nama_user` as `nama_spv`
FROM `retur` `r`
JOIN `penjualan` `p` ON `p`.`id_penjualan` = `r`.`id_penjualan`
LEFT JOIN `users` `u_kasir` ON `u_kasir`.`user_id` = `r`.`user_id_kasir`
LEFT JOIN `users` `u_spv` ON `u_spv`.`user_id` = `r`.`user_id_spv`
WHERE `r`.`status` = \'pending\'
ORDER BY `r`.`tanggal_retur` DESC', 0)
 2 SYSTEMPATH\Database\BaseConnection.php(908): CodeIgniter\Database\MySQLi\Connection->execute('SELECT `r`.*, `p`.`tanggal_jual`, `u_kasir`.`nama_user` as `nama_kasir`, `u_spv`.`nama_user` as `nama_spv`
FROM `retur` `r`
JOIN `penjualan` `p` ON `p`.`id_penjualan` = `r`.`id_penjualan`
LEFT JOIN `users` `u_kasir` ON `u_kasir`.`user_id` = `r`.`user_id_kasir`
LEFT JOIN `users` `u_spv` ON `u_spv`.`user_id` = `r`.`user_id_spv`
WHERE `r`.`status` = \'pending\'
ORDER BY `r`.`tanggal_retur` DESC')
 3 SYSTEMPATH\Database\BaseConnection.php(825): CodeIgniter\Database\BaseConnection->simpleQuery('SELECT `r`.*, `p`.`tanggal_jual`, `u_kasir`.`nama_user` as `nama_kasir`, `u_spv`.`nama_user` as `nama_spv`
FROM `retur` `r`
JOIN `penjualan` `p` ON `p`.`id_penjualan` = `r`.`id_penjualan`
LEFT JOIN `users` `u_kasir` ON `u_kasir`.`user_id` = `r`.`user_id_kasir`
LEFT JOIN `users` `u_spv` ON `u_spv`.`user_id` = `r`.`user_id_spv`
WHERE `r`.`status` = \'pending\'
ORDER BY `r`.`tanggal_retur` DESC')
 4 SYSTEMPATH\Database\BaseBuilder.php(1659): CodeIgniter\Database\BaseConnection->query('SELECT `r`.*, `p`.`tanggal_jual`, `u_kasir`.`nama_user` as `nama_kasir`, `u_spv`.`nama_user` as `nama_spv`
FROM `retur` `r`
JOIN `penjualan` `p` ON `p`.`id_penjualan` = `r`.`id_penjualan`
LEFT JOIN `users` `u_kasir` ON `u_kasir`.`user_id` = `r`.`user_id_kasir`
LEFT JOIN `users` `u_spv` ON `u_spv`.`user_id` = `r`.`user_id_spv`
WHERE `r`.`status` = :r.status:
ORDER BY `r`.`tanggal_retur` DESC', [...], false)
 5 APPPATH\Models\ReturModel.php(69): CodeIgniter\Database\BaseBuilder->get()
 6 APPPATH\Controllers\ReturCustomer.php(48): App\Models\ReturModel->getReturWithRelations(null, 'pending')
 7 SYSTEMPATH\CodeIgniter.php(974): App\Controllers\ReturCustomer->index()
 8 SYSTEMPATH\CodeIgniter.php(520): CodeIgniter\CodeIgniter->runController(Object(App\Controllers\ReturCustomer))
 9 SYSTEMPATH\CodeIgniter.php(363): CodeIgniter\CodeIgniter->handleRequest(null, Object(Config\Cache), false)
10 SYSTEMPATH\Boot.php(417): CodeIgniter\CodeIgniter->run()
11 SYSTEMPATH\Boot.php(68): CodeIgniter\Boot::runCodeIgniter(Object(CodeIgniter\CodeIgniter))
12 FCPATH\index.php(59): CodeIgniter\Boot::bootWeb(Object(Config\Paths))
13 SYSTEMPATH\rewrite.php(44): require_once('C:\\xampp\\htdocs\\posystem\\public\\index.php')
DEBUG - 2026-09-20 03:45:35 --> Session: Class initialized using 'CodeIgniter\Session\Handlers\FileHandler' driver.
DEBUG - 2026-09-20 03:46:45 --> Session: Class initialized using 'CodeIgniter\Session\Handlers\FileHandler' driver.
ERROR - 2026-09-20 03:46:45 --> Unknown column 'r.status' in 'where clause'
in SYSTEMPATH\Database\MySQLi\Connection.php on line 300.
 1 SYSTEMPATH\Database\MySQLi\Connection.php(300): mysqli->query('SELECT `r`.*, `p`.`tanggal_jual`, `u_kasir`.`nama_user` as `nama_kasir`, `u_spv`.`nama_user` as `nama_spv`
FROM `retur` `r`
JOIN `penjualan` `p` ON `p`.`id_penjualan` = `r`.`id_penjualan`
LEFT JOIN `users` `u_kasir` ON `u_kasir`.`user_id` = `r`.`user_id_kasir`
LEFT JOIN `users` `u_spv` ON `u_spv`.`user_id` = `r`.`user_id_spv`
WHERE `r`.`status` = \'pending\'
ORDER BY `r`.`tanggal_retur` DESC', 0)
 2 SYSTEMPATH\Database\BaseConnection.php(908): CodeIgniter\Database\MySQLi\Connection->execute('SELECT `r`.*, `p`.`tanggal_jual`, `u_kasir`.`nama_user` as `nama_kasir`, `u_spv`.`nama_user` as `nama_spv`
FROM `retur` `r`
JOIN `penjualan` `p` ON `p`.`id_penjualan` = `r`.`id_penjualan`
LEFT JOIN `users` `u_kasir` ON `u_kasir`.`user_id` = `r`.`user_id_kasir`
LEFT JOIN `users` `u_spv` ON `u_spv`.`user_id` = `r`.`user_id_spv`
WHERE `r`.`status` = \'pending\'
ORDER BY `r`.`tanggal_retur` DESC')
 3 SYSTEMPATH\Database\BaseConnection.php(825): CodeIgniter\Database\BaseConnection->simpleQuery('SELECT `r`.*, `p`.`tanggal_jual`, `u_kasir`.`nama_user` as `nama_kasir`, `u_spv`.`nama_user` as `nama_spv`
FROM `retur` `r`
JOIN `penjualan` `p` ON `p`.`id_penjualan` = `r`.`id_penjualan`
LEFT JOIN `users` `u_kasir` ON `u_kasir`.`user_id` = `r`.`user_id_kasir`
LEFT JOIN `users` `u_spv` ON `u_spv`.`user_id` = `r`.`user_id_spv`
WHERE `r`.`status` = \'pending\'
ORDER BY `r`.`tanggal_retur` DESC')
 4 SYSTEMPATH\Database\BaseBuilder.php(1659): CodeIgniter\Database\BaseConnection->query('SELECT `r`.*, `p`.`tanggal_jual`, `u_kasir`.`nama_user` as `nama_kasir`, `u_spv`.`nama_user` as `nama_spv`
FROM `retur` `r`
JOIN `penjualan` `p` ON `p`.`id_penjualan` = `r`.`id_penjualan`
LEFT JOIN `users` `u_kasir` ON `u_kasir`.`user_id` = `r`.`user_id_kasir`
LEFT JOIN `users` `u_spv` ON `u_spv`.`user_id` = `r`.`user_id_spv`
WHERE `r`.`status` = :r.status:
ORDER BY `r`.`tanggal_retur` DESC', [...], false)
 5 APPPATH\Models\ReturModel.php(69): CodeIgniter\Database\BaseBuilder->get()
 6 APPPATH\Controllers\ReturCustomer.php(48): App\Models\ReturModel->getReturWithRelations(null, 'pending')
 7 SYSTEMPATH\CodeIgniter.php(974): App\Controllers\ReturCustomer->index()
 8 SYSTEMPATH\CodeIgniter.php(520): CodeIgniter\CodeIgniter->runController(Object(App\Controllers\ReturCustomer))
 9 SYSTEMPATH\CodeIgniter.php(363): CodeIgniter\CodeIgniter->handleRequest(null, Object(Config\Cache), false)
10 SYSTEMPATH\Boot.php(417): CodeIgniter\CodeIgniter->run()
11 SYSTEMPATH\Boot.php(68): CodeIgniter\Boot::runCodeIgniter(Object(CodeIgniter\CodeIgniter))
12 FCPATH\index.php(59): CodeIgniter\Boot::bootWeb(Object(Config\Paths))
13 SYSTEMPATH\rewrite.php(44): require_once('C:\\xampp\\htdocs\\posystem\\public\\index.php')
CRITICAL - 2026-09-20 03:46:45 --> CodeIgniter\Database\Exceptions\DatabaseException: Unknown column 'r.status' in 'where clause'
[Method: GET, Route: retur-customer]
in SYSTEMPATH\Database\BaseConnection.php on line 863.
 1 SYSTEMPATH\Database\BaseBuilder.php(1659): CodeIgniter\Database\BaseConnection->query('SELECT `r`.*, `p`.`tanggal_jual`, `u_kasir`.`nama_user` as `nama_kasir`, `u_spv`.`nama_user` as `nama_spv`
FROM `retur` `r`
JOIN `penjualan` `p` ON `p`.`id_penjualan` = `r`.`id_penjualan`
LEFT JOIN `users` `u_kasir` ON `u_kasir`.`user_id` = `r`.`user_id_kasir`
LEFT JOIN `users` `u_spv` ON `u_spv`.`user_id` = `r`.`user_id_spv`
WHERE `r`.`status` = :r.status:
ORDER BY `r`.`tanggal_retur` DESC', [...], false)
 2 APPPATH\Models\ReturModel.php(69): CodeIgniter\Database\BaseBuilder->get()
 3 APPPATH\Controllers\ReturCustomer.php(48): App\Models\ReturModel->getReturWithRelations(null, 'pending')
 4 SYSTEMPATH\CodeIgniter.php(974): App\Controllers\ReturCustomer->index()
 5 SYSTEMPATH\CodeIgniter.php(520): CodeIgniter\CodeIgniter->runController(Object(App\Controllers\ReturCustomer))
 6 SYSTEMPATH\CodeIgniter.php(363): CodeIgniter\CodeIgniter->handleRequest(null, Object(Config\Cache), false)
 7 SYSTEMPATH\Boot.php(417): CodeIgniter\CodeIgniter->run()
 8 SYSTEMPATH\Boot.php(68): CodeIgniter\Boot::runCodeIgniter(Object(CodeIgniter\CodeIgniter))
 9 FCPATH\index.php(59): CodeIgniter\Boot::bootWeb(Object(Config\Paths))
10 SYSTEMPATH\rewrite.php(44): require_once('C:\\xampp\\htdocs\\posystem\\public\\index.php')
CRITICAL - 2026-09-20 03:46:45 --> [Caused by] CodeIgniter\Database\Exceptions\DatabaseException: Unknown column 'r.status' in 'where clause'
in SYSTEMPATH\Database\MySQLi\Connection.php on line 310.
 1 SYSTEMPATH\Database\BaseConnection.php(908): CodeIgniter\Database\MySQLi\Connection->execute('SELECT `r`.*, `p`.`tanggal_jual`, `u_kasir`.`nama_user` as `nama_kasir`, `u_spv`.`nama_user` as `nama_spv`
FROM `retur` `r`
JOIN `penjualan` `p` ON `p`.`id_penjualan` = `r`.`id_penjualan`
LEFT JOIN `users` `u_kasir` ON `u_kasir`.`user_id` = `r`.`user_id_kasir`
LEFT JOIN `users` `u_spv` ON `u_spv`.`user_id` = `r`.`user_id_spv`
WHERE `r`.`status` = \'pending\'
ORDER BY `r`.`tanggal_retur` DESC')
 2 SYSTEMPATH\Database\BaseConnection.php(825): CodeIgniter\Database\BaseConnection->simpleQuery('SELECT `r`.*, `p`.`tanggal_jual`, `u_kasir`.`nama_user` as `nama_kasir`, `u_spv`.`nama_user` as `nama_spv`
FROM `retur` `r`
JOIN `penjualan` `p` ON `p`.`id_penjualan` = `r`.`id_penjualan`
LEFT JOIN `users` `u_kasir` ON `u_kasir`.`user_id` = `r`.`user_id_kasir`
LEFT JOIN `users` `u_spv` ON `u_spv`.`user_id` = `r`.`user_id_spv`
WHERE `r`.`status` = \'pending\'
ORDER BY `r`.`tanggal_retur` DESC')
 3 SYSTEMPATH\Database\BaseBuilder.php(1659): CodeIgniter\Database\BaseConnection->query('SELECT `r`.*, `p`.`tanggal_jual`, `u_kasir`.`nama_user` as `nama_kasir`, `u_spv`.`nama_user` as `nama_spv`
FROM `retur` `r`
JOIN `penjualan` `p` ON `p`.`id_penjualan` = `r`.`id_penjualan`
LEFT JOIN `users` `u_kasir` ON `u_kasir`.`user_id` = `r`.`user_id_kasir`
LEFT JOIN `users` `u_spv` ON `u_spv`.`user_id` = `r`.`user_id_spv`
WHERE `r`.`status` = :r.status:
ORDER BY `r`.`tanggal_retur` DESC', [...], false)
 4 APPPATH\Models\ReturModel.php(69): CodeIgniter\Database\BaseBuilder->get()
 5 APPPATH\Controllers\ReturCustomer.php(48): App\Models\ReturModel->getReturWithRelations(null, 'pending')
 6 SYSTEMPATH\CodeIgniter.php(974): App\Controllers\ReturCustomer->index()
 7 SYSTEMPATH\CodeIgniter.php(520): CodeIgniter\CodeIgniter->runController(Object(App\Controllers\ReturCustomer))
 8 SYSTEMPATH\CodeIgniter.php(363): CodeIgniter\CodeIgniter->handleRequest(null, Object(Config\Cache), false)
 9 SYSTEMPATH\Boot.php(417): CodeIgniter\CodeIgniter->run()
10 SYSTEMPATH\Boot.php(68): CodeIgniter\Boot::runCodeIgniter(Object(CodeIgniter\CodeIgniter))
11 FCPATH\index.php(59): CodeIgniter\Boot::bootWeb(Object(Config\Paths))
12 SYSTEMPATH\rewrite.php(44): require_once('C:\\xampp\\htdocs\\posystem\\public\\index.php')
CRITICAL - 2026-09-20 03:46:45 --> [Caused by] mysqli_sql_exception: Unknown column 'r.status' in 'where clause'
in SYSTEMPATH\Database\MySQLi\Connection.php on line 300.
 1 SYSTEMPATH\Database\MySQLi\Connection.php(300): mysqli->query('SELECT `r`.*, `p`.`tanggal_jual`, `u_kasir`.`nama_user` as `nama_kasir`, `u_spv`.`nama_user` as `nama_spv`
FROM `retur` `r`
JOIN `penjualan` `p` ON `p`.`id_penjualan` = `r`.`id_penjualan`
LEFT JOIN `users` `u_kasir` ON `u_kasir`.`user_id` = `r`.`user_id_kasir`
LEFT JOIN `users` `u_spv` ON `u_spv`.`user_id` = `r`.`user_id_spv`
WHERE `r`.`status` = \'pending\'
ORDER BY `r`.`tanggal_retur` DESC', 0)
 2 SYSTEMPATH\Database\BaseConnection.php(908): CodeIgniter\Database\MySQLi\Connection->execute('SELECT `r`.*, `p`.`tanggal_jual`, `u_kasir`.`nama_user` as `nama_kasir`, `u_spv`.`nama_user` as `nama_spv`
FROM `retur` `r`
JOIN `penjualan` `p` ON `p`.`id_penjualan` = `r`.`id_penjualan`
LEFT JOIN `users` `u_kasir` ON `u_kasir`.`user_id` = `r`.`user_id_kasir`
LEFT JOIN `users` `u_spv` ON `u_spv`.`user_id` = `r`.`user_id_spv`
WHERE `r`.`status` = \'pending\'
ORDER BY `r`.`tanggal_retur` DESC')
 3 SYSTEMPATH\Database\BaseConnection.php(825): CodeIgniter\Database\BaseConnection->simpleQuery('SELECT `r`.*, `p`.`tanggal_jual`, `u_kasir`.`nama_user` as `nama_kasir`, `u_spv`.`nama_user` as `nama_spv`
FROM `retur` `r`
JOIN `penjualan` `p` ON `p`.`id_penjualan` = `r`.`id_penjualan`
LEFT JOIN `users` `u_kasir` ON `u_kasir`.`user_id` = `r`.`user_id_kasir`
LEFT JOIN `users` `u_spv` ON `u_spv`.`user_id` = `r`.`user_id_spv`
WHERE `r`.`status` = \'pending\'
ORDER BY `r`.`tanggal_retur` DESC')
 4 SYSTEMPATH\Database\BaseBuilder.php(1659): CodeIgniter\Database\BaseConnection->query('SELECT `r`.*, `p`.`tanggal_jual`, `u_kasir`.`nama_user` as `nama_kasir`, `u_spv`.`nama_user` as `nama_spv`
FROM `retur` `r`
JOIN `penjualan` `p` ON `p`.`id_penjualan` = `r`.`id_penjualan`
LEFT JOIN `users` `u_kasir` ON `u_kasir`.`user_id` = `r`.`user_id_kasir`
LEFT JOIN `users` `u_spv` ON `u_spv`.`user_id` = `r`.`user_id_spv`
WHERE `r`.`status` = :r.status:
ORDER BY `r`.`tanggal_retur` DESC', [...], false)
 5 APPPATH\Models\ReturModel.php(69): CodeIgniter\Database\BaseBuilder->get()
 6 APPPATH\Controllers\ReturCustomer.php(48): App\Models\ReturModel->getReturWithRelations(null, 'pending')
 7 SYSTEMPATH\CodeIgniter.php(974): App\Controllers\ReturCustomer->index()
 8 SYSTEMPATH\CodeIgniter.php(520): CodeIgniter\CodeIgniter->runController(Object(App\Controllers\ReturCustomer))
 9 SYSTEMPATH\CodeIgniter.php(363): CodeIgniter\CodeIgniter->handleRequest(null, Object(Config\Cache), false)
10 SYSTEMPATH\Boot.php(417): CodeIgniter\CodeIgniter->run()
11 SYSTEMPATH\Boot.php(68): CodeIgniter\Boot::runCodeIgniter(Object(CodeIgniter\CodeIgniter))
12 FCPATH\index.php(59): CodeIgniter\Boot::bootWeb(Object(Config\Paths))
13 SYSTEMPATH\rewrite.php(44): require_once('C:\\xampp\\htdocs\\posystem\\public\\index.php')
DEBUG - 2026-09-20 03:51:10 --> Session: Class initialized using 'CodeIgniter\Session\Handlers\FileHandler' driver.
DEBUG - 2026-09-20 03:51:15 --> Session: Class initialized using 'CodeIgniter\Session\Handlers\FileHandler' driver.
DEBUG - 2026-09-20 03:51:18 --> Session: Class initialized using 'CodeIgniter\Session\Handlers\FileHandler' driver.
DEBUG - 2026-09-20 03:51:48 --> Session: Class initialized using 'CodeIgniter\Session\Handlers\FileHandler' driver.
DEBUG - 2026-09-20 03:51:54 --> Session: Class initialized using 'CodeIgniter\Session\Handlers\FileHandler' driver.
DEBUG - 2026-09-20 03:51:54 --> Session: Class initialized using 'CodeIgniter\Session\Handlers\FileHandler' driver.
DEBUG - 2026-09-20 03:52:04 --> Session: Class initialized using 'CodeIgniter\Session\Handlers\FileHandler' driver.
DEBUG - 2026-09-20 03:52:04 --> Session: Class initialized using 'CodeIgniter\Session\Handlers\FileHandler' driver.
DEBUG - 2026-09-20 03:52:07 --> Session: Class initialized using 'CodeIgniter\Session\Handlers\FileHandler' driver.
DEBUG - 2026-09-20 03:52:08 --> Session: Class initialized using 'CodeIgniter\Session\Handlers\FileHandler' driver.
DEBUG - 2026-09-20 03:53:45 --> Session: Class initialized using 'CodeIgniter\Session\Handlers\FileHandler' driver.
DEBUG - 2026-09-20 03:53:46 --> Session: Class initialized using 'CodeIgniter\Session\Handlers\FileHandler' driver.
DEBUG - 2026-09-20 03:54:03 --> Session: Class initialized using 'CodeIgniter\Session\Handlers\FileHandler' driver.
DEBUG - 2026-09-20 03:54:03 --> Session: Class initialized using 'CodeIgniter\Session\Handlers\FileHandler' driver.
DEBUG - 2026-09-20 03:54:11 --> Session: Class initialized using 'CodeIgniter\Session\Handlers\FileHandler' driver.
DEBUG - 2026-09-20 03:54:16 --> Session: Class initialized using 'CodeIgniter\Session\Handlers\FileHandler' driver.
DEBUG - 2026-09-20 03:54:21 --> Session: Class initialized using 'CodeIgniter\Session\Handlers\FileHandler' driver.
DEBUG - 2026-09-20 03:54:23 --> Session: Class initialized using 'CodeIgniter\Session\Handlers\FileHandler' driver.
DEBUG - 2026-09-20 03:54:25 --> Session: Class initialized using 'CodeIgniter\Session\Handlers\FileHandler' driver.
DEBUG - 2026-09-20 03:54:56 --> Session: Class initialized using 'CodeIgniter\Session\Handlers\FileHandler' driver.
DEBUG - 2026-09-20 03:55:00 --> Session: Class initialized using 'CodeIgniter\Session\Handlers\FileHandler' driver.
DEBUG - 2026-09-20 03:55:00 --> Session: Class initialized using 'CodeIgniter\Session\Handlers\FileHandler' driver.
DEBUG - 2026-09-20 03:55:11 --> Session: Class initialized using 'CodeIgniter\Session\Handlers\FileHandler' driver.
DEBUG - 2026-09-20 03:55:11 --> Session: Class initialized using 'CodeIgniter\Session\Handlers\FileHandler' driver.
DEBUG - 2026-09-20 03:55:20 --> Session: Class initialized using 'CodeIgniter\Session\Handlers\FileHandler' driver.
DEBUG - 2026-09-20 03:55:20 --> Session: Class initialized using 'CodeIgniter\Session\Handlers\FileHandler' driver.
DEBUG - 2026-09-20 03:55:26 --> Session: Class initialized using 'CodeIgniter\Session\Handlers\FileHandler' driver.
DEBUG - 2026-09-20 03:55:30 --> Session: Class initialized using 'CodeIgniter\Session\Handlers\FileHandler' driver.
DEBUG - 2026-09-20 03:55:31 --> Session: Class initialized using 'CodeIgniter\Session\Handlers\FileHandler' driver.
DEBUG - 2026-09-20 03:55:33 --> Session: Class initialized using 'CodeIgniter\Session\Handlers\FileHandler' driver.
DEBUG - 2026-09-20 03:55:39 --> Session: Class initialized using 'CodeIgniter\Session\Handlers\FileHandler' driver.
DEBUG - 2026-09-20 03:55:40 --> Session: Class initialized using 'CodeIgniter\Session\Handlers\FileHandler' driver.
DEBUG - 2026-09-20 03:55:42 --> Session: Class initialized using 'CodeIgniter\Session\Handlers\FileHandler' driver.
DEBUG - 2026-09-20 03:55:52 --> Session: Class initialized using 'CodeIgniter\Session\Handlers\FileHandler' driver.
DEBUG - 2026-09-20 03:55:53 --> Session: Class initialized using 'CodeIgniter\Session\Handlers\FileHandler' driver.
DEBUG - 2026-09-20 03:55:59 --> Session: Class initialized using 'CodeIgniter\Session\Handlers\FileHandler' driver.
DEBUG - 2026-09-20 03:56:00 --> Session: Class initialized using 'CodeIgniter\Session\Handlers\FileHandler' driver.
DEBUG - 2026-09-20 03:56:07 --> Session: Class initialized using 'CodeIgniter\Session\Handlers\FileHandler' driver.
DEBUG - 2026-09-20 03:56:08 --> Session: Class initialized using 'CodeIgniter\Session\Handlers\FileHandler' driver.
DEBUG - 2026-09-20 03:56:12 --> Session: Class initialized using 'CodeIgniter\Session\Handlers\FileHandler' driver.
DEBUG - 2026-09-20 03:56:19 --> Session: Class initialized using 'CodeIgniter\Session\Handlers\FileHandler' driver.
DEBUG - 2026-09-20 03:56:20 --> Session: Class initialized using 'CodeIgniter\Session\Handlers\FileHandler' driver.
DEBUG - 2026-09-20 03:58:50 --> Session: Class initialized using 'CodeIgniter\Session\Handlers\FileHandler' driver.
DEBUG - 2026-09-20 03:58:51 --> Session: Class initialized using 'CodeIgniter\Session\Handlers\FileHandler' driver.
DEBUG - 2026-09-20 03:58:53 --> Session: Class initialized using 'CodeIgniter\Session\Handlers\FileHandler' driver.
DEBUG - 2026-09-20 03:58:54 --> Session: Class initialized using 'CodeIgniter\Session\Handlers\FileHandler' driver.
DEBUG - 2026-09-20 03:58:55 --> Session: Class initialized using 'CodeIgniter\Session\Handlers\FileHandler' driver.
DEBUG - 2026-09-20 03:59:06 --> Session: Class initialized using 'CodeIgniter\Session\Handlers\FileHandler' driver.
DEBUG - 2026-09-20 03:59:07 --> Session: Class initialized using 'CodeIgniter\Session\Handlers\FileHandler' driver.
DEBUG - 2026-09-20 03:59:12 --> Session: Class initialized using 'CodeIgniter\Session\Handlers\FileHandler' driver.
DEBUG - 2026-09-20 03:59:17 --> Session: Class initialized using 'CodeIgniter\Session\Handlers\FileHandler' driver.
DEBUG - 2026-09-20 03:59:59 --> Session: Class initialized using 'CodeIgniter\Session\Handlers\FileHandler' driver.
DEBUG - 2026-09-20 03:59:59 --> Session: Class initialized using 'CodeIgniter\Session\Handlers\FileHandler' driver.
DEBUG - 2026-09-20 04:00:07 --> Session: Class initialized using 'CodeIgniter\Session\Handlers\FileHandler' driver.
DEBUG - 2026-09-20 04:00:43 --> Session: Class initialized using 'CodeIgniter\Session\Handlers\FileHandler' driver.
DEBUG - 2026-09-20 04:00:43 --> Session: Class initialized using 'CodeIgniter\Session\Handlers\FileHandler' driver.
DEBUG - 2026-09-20 04:00:47 --> Session: Class initialized using 'CodeIgniter\Session\Handlers\FileHandler' driver.
DEBUG - 2026-09-20 04:01:05 --> Session: Class initialized using 'CodeIgniter\Session\Handlers\FileHandler' driver.
DEBUG - 2026-09-20 04:01:10 --> Session: Class initialized using 'CodeIgniter\Session\Handlers\FileHandler' driver.
DEBUG - 2026-09-20 04:01:12 --> Session: Class initialized using 'CodeIgniter\Session\Handlers\FileHandler' driver.
DEBUG - 2026-09-20 04:01:12 --> Session: Class initialized using 'CodeIgniter\Session\Handlers\FileHandler' driver.
DEBUG - 2026-09-20 04:01:20 --> Session: Class initialized using 'CodeIgniter\Session\Handlers\FileHandler' driver.
DEBUG - 2026-09-20 04:01:20 --> Session: Class initialized using 'CodeIgniter\Session\Handlers\FileHandler' driver.
DEBUG - 2026-09-20 04:01:25 --> Session: Class initialized using 'CodeIgniter\Session\Handlers\FileHandler' driver.
DEBUG - 2026-09-20 04:01:28 --> Session: Class initialized using 'CodeIgniter\Session\Handlers\FileHandler' driver.
DEBUG - 2026-09-20 04:01:29 --> Session: Class initialized using 'CodeIgniter\Session\Handlers\FileHandler' driver.
DEBUG - 2026-09-20 04:01:32 --> Session: Class initialized using 'CodeIgniter\Session\Handlers\FileHandler' driver.
DEBUG - 2026-09-20 04:01:34 --> Session: Class initialized using 'CodeIgniter\Session\Handlers\FileHandler' driver.
DEBUG - 2026-09-20 04:01:37 --> Session: Class initialized using 'CodeIgniter\Session\Handlers\FileHandler' driver.
DEBUG - 2026-09-20 04:01:45 --> Session: Class initialized using 'CodeIgniter\Session\Handlers\FileHandler' driver.
DEBUG - 2026-09-20 04:01:46 --> Session: Class initialized using 'CodeIgniter\Session\Handlers\FileHandler' driver.
DEBUG - 2026-09-20 04:01:49 --> Session: Class initialized using 'CodeIgniter\Session\Handlers\FileHandler' driver.
DEBUG - 2026-09-20 04:02:11 --> Session: Class initialized using 'CodeIgniter\Session\Handlers\FileHandler' driver.
DEBUG - 2026-09-20 04:02:12 --> Session: Class initialized using 'CodeIgniter\Session\Handlers\FileHandler' driver.
DEBUG - 2026-09-20 04:02:20 --> Session: Class initialized using 'CodeIgniter\Session\Handlers\FileHandler' driver.
DEBUG - 2026-09-20 04:02:20 --> Session: Class initialized using 'CodeIgniter\Session\Handlers\FileHandler' driver.
DEBUG - 2026-09-20 04:02:26 --> Session: Class initialized using 'CodeIgniter\Session\Handlers\FileHandler' driver.
DEBUG - 2026-09-20 04:02:51 --> Session: Class initialized using 'CodeIgniter\Session\Handlers\FileHandler' driver.
DEBUG - 2026-09-20 04:02:51 --> Session: Class initialized using 'CodeIgniter\Session\Handlers\FileHandler' driver.
DEBUG - 2026-09-20 04:02:59 --> Session: Class initialized using 'CodeIgniter\Session\Handlers\FileHandler' driver.
DEBUG - 2026-09-20 04:02:59 --> Session: Class initialized using 'CodeIgniter\Session\Handlers\FileHandler' driver.
DEBUG - 2026-09-20 04:03:05 --> Session: Class initialized using 'CodeIgniter\Session\Handlers\FileHandler' driver.
DEBUG - 2026-09-20 04:03:09 --> Session: Class initialized using 'CodeIgniter\Session\Handlers\FileHandler' driver.
DEBUG - 2026-09-20 04:04:19 --> Session: Class initialized using 'CodeIgniter\Session\Handlers\FileHandler' driver.
DEBUG - 2026-09-20 04:04:20 --> Session: Class initialized using 'CodeIgniter\Session\Handlers\FileHandler' driver.
DEBUG - 2026-09-20 04:04:26 --> Session: Class initialized using 'CodeIgniter\Session\Handlers\FileHandler' driver.
DEBUG - 2026-09-20 04:04:26 --> Session: Class initialized using 'CodeIgniter\Session\Handlers\FileHandler' driver.
DEBUG - 2026-09-20 04:04:43 --> Session: Class initialized using 'CodeIgniter\Session\Handlers\FileHandler' driver.
DEBUG - 2026-09-20 04:04:43 --> Session: Class initialized using 'CodeIgniter\Session\Handlers\FileHandler' driver.
DEBUG - 2026-09-20 04:04:51 --> Session: Class initialized using 'CodeIgniter\Session\Handlers\FileHandler' driver.
DEBUG - 2026-09-20 04:04:58 --> Session: Class initialized using 'CodeIgniter\Session\Handlers\FileHandler' driver.
DEBUG - 2026-09-20 04:04:59 --> Session: Class initialized using 'CodeIgniter\Session\Handlers\FileHandler' driver.
DEBUG - 2026-09-20 04:05:01 --> Session: Class initialized using 'CodeIgniter\Session\Handlers\FileHandler' driver.
DEBUG - 2026-09-20 04:05:08 --> Session: Class initialized using 'CodeIgniter\Session\Handlers\FileHandler' driver.
DEBUG - 2026-09-20 04:05:10 --> Session: Class initialized using 'CodeIgniter\Session\Handlers\FileHandler' driver.
DEBUG - 2026-09-20 04:05:11 --> Session: Class initialized using 'CodeIgniter\Session\Handlers\FileHandler' driver.
DEBUG - 2026-09-20 04:05:21 --> Session: Class initialized using 'CodeIgniter\Session\Handlers\FileHandler' driver.
DEBUG - 2026-09-20 04:05:21 --> Session: Class initialized using 'CodeIgniter\Session\Handlers\FileHandler' driver.
DEBUG - 2026-09-20 04:05:26 --> Session: Class initialized using 'CodeIgniter\Session\Handlers\FileHandler' driver.
DEBUG - 2026-09-20 04:05:27 --> Session: Class initialized using 'CodeIgniter\Session\Handlers\FileHandler' driver.
DEBUG - 2026-09-20 04:05:35 --> Session: Class initialized using 'CodeIgniter\Session\Handlers\FileHandler' driver.
DEBUG - 2026-09-20 04:05:36 --> Session: Class initialized using 'CodeIgniter\Session\Handlers\FileHandler' driver.
DEBUG - 2026-09-20 04:06:00 --> Session: Class initialized using 'CodeIgniter\Session\Handlers\FileHandler' driver.
DEBUG - 2026-09-20 04:06:00 --> Session: Class initialized using 'CodeIgniter\Session\Handlers\FileHandler' driver.
DEBUG - 2026-09-20 04:06:04 --> Session: Class initialized using 'CodeIgniter\Session\Handlers\FileHandler' driver.
DEBUG - 2026-09-20 04:06:09 --> Session: Class initialized using 'CodeIgniter\Session\Handlers\FileHandler' driver.
DEBUG - 2026-09-20 04:06:12 --> Session: Class initialized using 'CodeIgniter\Session\Handlers\FileHandler' driver.
DEBUG - 2026-09-20 04:06:15 --> Session: Class initialized using 'CodeIgniter\Session\Handlers\FileHandler' driver.
DEBUG - 2026-09-20 04:06:19 --> Session: Class initialized using 'CodeIgniter\Session\Handlers\FileHandler' driver.
DEBUG - 2026-09-20 04:06:30 --> Session: Class initialized using 'CodeIgniter\Session\Handlers\FileHandler' driver.
DEBUG - 2026-09-20 04:06:31 --> Session: Class initialized using 'CodeIgniter\Session\Handlers\FileHandler' driver.
DEBUG - 2026-09-20 04:06:34 --> Session: Class initialized using 'CodeIgniter\Session\Handlers\FileHandler' driver.
DEBUG - 2026-09-20 04:06:37 --> Session: Class initialized using 'CodeIgniter\Session\Handlers\FileHandler' driver.
DEBUG - 2026-09-20 04:07:00 --> Session: Class initialized using 'CodeIgniter\Session\Handlers\FileHandler' driver.
DEBUG - 2026-09-20 04:07:01 --> Session: Class initialized using 'CodeIgniter\Session\Handlers\FileHandler' driver.
DEBUG - 2026-09-20 04:07:04 --> Session: Class initialized using 'CodeIgniter\Session\Handlers\FileHandler' driver.
DEBUG - 2026-09-20 04:07:04 --> Session: Class initialized using 'CodeIgniter\Session\Handlers\FileHandler' driver.
DEBUG - 2026-09-20 04:07:12 --> Session: Class initialized using 'CodeIgniter\Session\Handlers\FileHandler' driver.
DEBUG - 2026-09-20 04:07:12 --> Session: Class initialized using 'CodeIgniter\Session\Handlers\FileHandler' driver.
DEBUG - 2026-09-20 04:07:26 --> Session: Class initialized using 'CodeIgniter\Session\Handlers\FileHandler' driver.
DEBUG - 2026-09-20 04:07:30 --> Session: Class initialized using 'CodeIgniter\Session\Handlers\FileHandler' driver.
DEBUG - 2026-09-20 04:07:30 --> Session: Class initialized using 'CodeIgniter\Session\Handlers\FileHandler' driver.
DEBUG - 2026-09-20 04:07:38 --> Session: Class initialized using 'CodeIgniter\Session\Handlers\FileHandler' driver.
DEBUG - 2026-09-20 04:07:46 --> Session: Class initialized using 'CodeIgniter\Session\Handlers\FileHandler' driver.
DEBUG - 2026-09-20 04:07:46 --> Session: Class initialized using 'CodeIgniter\Session\Handlers\FileHandler' driver.
DEBUG - 2026-09-20 04:07:59 --> Session: Class initialized using 'CodeIgniter\Session\Handlers\FileHandler' driver.
DEBUG - 2026-09-20 04:07:59 --> Session: Class initialized using 'CodeIgniter\Session\Handlers\FileHandler' driver.
DEBUG - 2026-09-20 04:08:06 --> Session: Class initialized using 'CodeIgniter\Session\Handlers\FileHandler' driver.
DEBUG - 2026-09-20 04:08:12 --> Session: Class initialized using 'CodeIgniter\Session\Handlers\FileHandler' driver.
DEBUG - 2026-09-20 04:08:13 --> Session: Class initialized using 'CodeIgniter\Session\Handlers\FileHandler' driver.
DEBUG - 2026-09-20 04:08:17 --> Session: Class initialized using 'CodeIgniter\Session\Handlers\FileHandler' driver.
DEBUG - 2026-09-20 04:12:43 --> Session: Class initialized using 'CodeIgniter\Session\Handlers\FileHandler' driver.
DEBUG - 2026-09-20 04:15:26 --> Session: Class initialized using 'CodeIgniter\Session\Handlers\FileHandler' driver.
DEBUG - 2026-09-20 04:15:42 --> Session: Class initialized using 'CodeIgniter\Session\Handlers\FileHandler' driver.
DEBUG - 2026-09-20 04:15:45 --> Session: Class initialized using 'CodeIgniter\Session\Handlers\FileHandler' driver.
DEBUG - 2026-09-20 04:15:48 --> Session: Class initialized using 'CodeIgniter\Session\Handlers\FileHandler' driver.
DEBUG - 2026-09-20 04:15:51 --> Session: Class initialized using 'CodeIgniter\Session\Handlers\FileHandler' driver.
DEBUG - 2026-09-20 04:16:27 --> Session: Class initialized using 'CodeIgniter\Session\Handlers\FileHandler' driver.
DEBUG - 2026-09-20 04:16:28 --> Session: Class initialized using 'CodeIgniter\Session\Handlers\FileHandler' driver.
DEBUG - 2026-09-20 04:16:37 --> Session: Class initialized using 'CodeIgniter\Session\Handlers\FileHandler' driver.
DEBUG - 2026-09-20 04:16:38 --> Session: Class initialized using 'CodeIgniter\Session\Handlers\FileHandler' driver.
DEBUG - 2026-09-20 04:16:47 --> Session: Class initialized using 'CodeIgniter\Session\Handlers\FileHandler' driver.
DEBUG - 2026-09-20 04:16:48 --> Session: Class initialized using 'CodeIgniter\Session\Handlers\FileHandler' driver.
DEBUG - 2026-09-20 04:16:53 --> Session: Class initialized using 'CodeIgniter\Session\Handlers\FileHandler' driver.
DEBUG - 2026-09-20 04:16:54 --> Session: Class initialized using 'CodeIgniter\Session\Handlers\FileHandler' driver.
DEBUG - 2026-09-20 04:17:11 --> Session: Class initialized using 'CodeIgniter\Session\Handlers\FileHandler' driver.
DEBUG - 2026-09-20 04:17:11 --> Session: Class initialized using 'CodeIgniter\Session\Handlers\FileHandler' driver.
DEBUG - 2026-09-20 04:17:27 --> Session: Class initialized using 'CodeIgniter\Session\Handlers\FileHandler' driver.
DEBUG - 2026-09-20 04:17:36 --> Session: Class initialized using 'CodeIgniter\Session\Handlers\FileHandler' driver.
DEBUG - 2026-09-20 04:17:41 --> Session: Class initialized using 'CodeIgniter\Session\Handlers\FileHandler' driver.
DEBUG - 2026-09-20 04:18:48 --> Session: Class initialized using 'CodeIgniter\Session\Handlers\FileHandler' driver.
DEBUG - 2026-09-20 04:18:49 --> Session: Class initialized using 'CodeIgniter\Session\Handlers\FileHandler' driver.
DEBUG - 2026-09-20 04:18:50 --> Session: Class initialized using 'CodeIgniter\Session\Handlers\FileHandler' driver.
DEBUG - 2026-09-20 04:18:51 --> Session: Class initialized using 'CodeIgniter\Session\Handlers\FileHandler' driver.
DEBUG - 2026-09-20 04:19:02 --> Session: Class initialized using 'CodeIgniter\Session\Handlers\FileHandler' driver.
DEBUG - 2026-09-20 04:19:02 --> Session: Class initialized using 'CodeIgniter\Session\Handlers\FileHandler' driver.
DEBUG - 2026-09-20 04:19:07 --> Session: Class initialized using 'CodeIgniter\Session\Handlers\FileHandler' driver.
DEBUG - 2026-09-20 04:19:14 --> Session: Class initialized using 'CodeIgniter\Session\Handlers\FileHandler' driver.
DEBUG - 2026-09-20 04:19:14 --> Session: Class initialized using 'CodeIgniter\Session\Handlers\FileHandler' driver.
DEBUG - 2026-09-20 04:19:17 --> Session: Class initialized using 'CodeIgniter\Session\Handlers\FileHandler' driver.
DEBUG - 2026-09-20 04:19:27 --> Session: Class initialized using 'CodeIgniter\Session\Handlers\FileHandler' driver.
DEBUG - 2026-09-20 04:19:27 --> Session: Class initialized using 'CodeIgniter\Session\Handlers\FileHandler' driver.
DEBUG - 2026-09-20 04:19:34 --> Session: Class initialized using 'CodeIgniter\Session\Handlers\FileHandler' driver.
DEBUG - 2026-09-20 04:19:35 --> Session: Class initialized using 'CodeIgniter\Session\Handlers\FileHandler' driver.
DEBUG - 2026-09-20 04:19:49 --> Session: Class initialized using 'CodeIgniter\Session\Handlers\FileHandler' driver.
DEBUG - 2026-09-20 04:19:58 --> Session: Class initialized using 'CodeIgniter\Session\Handlers\FileHandler' driver.
DEBUG - 2026-09-20 04:19:59 --> Session: Class initialized using 'CodeIgniter\Session\Handlers\FileHandler' driver.
DEBUG - 2026-09-20 04:20:23 --> Session: Class initialized using 'CodeIgniter\Session\Handlers\FileHandler' driver.
DEBUG - 2026-09-20 04:20:25 --> Session: Class initialized using 'CodeIgniter\Session\Handlers\FileHandler' driver.
DEBUG - 2026-09-20 04:22:43 --> Session: Class initialized using 'CodeIgniter\Session\Handlers\FileHandler' driver.
DEBUG - 2026-09-20 04:24:08 --> Session: Class initialized using 'CodeIgniter\Session\Handlers\FileHandler' driver.
DEBUG - 2026-09-20 04:24:10 --> Session: Class initialized using 'CodeIgniter\Session\Handlers\FileHandler' driver.
DEBUG - 2026-09-20 04:24:12 --> Session: Class initialized using 'CodeIgniter\Session\Handlers\FileHandler' driver.
DEBUG - 2026-09-20 04:24:14 --> Session: Class initialized using 'CodeIgniter\Session\Handlers\FileHandler' driver.
DEBUG - 2026-09-20 04:24:19 --> Session: Class initialized using 'CodeIgniter\Session\Handlers\FileHandler' driver.
DEBUG - 2026-09-20 04:24:22 --> Session: Class initialized using 'CodeIgniter\Session\Handlers\FileHandler' driver.
DEBUG - 2026-09-20 04:24:30 --> Session: Class initialized using 'CodeIgniter\Session\Handlers\FileHandler' driver.
DEBUG - 2026-09-20 04:24:47 --> Session: Class initialized using 'CodeIgniter\Session\Handlers\FileHandler' driver.
DEBUG - 2026-09-20 04:24:56 --> Session: Class initialized using 'CodeIgniter\Session\Handlers\FileHandler' driver.
DEBUG - 2026-09-20 04:25:00 --> Session: Class initialized using 'CodeIgniter\Session\Handlers\FileHandler' driver.
DEBUG - 2026-09-20 04:25:01 --> Session: Class initialized using 'CodeIgniter\Session\Handlers\FileHandler' driver.
DEBUG - 2026-09-20 04:25:02 --> Session: Class initialized using 'CodeIgniter\Session\Handlers\FileHandler' driver.
DEBUG - 2026-09-20 04:25:10 --> Session: Class initialized using 'CodeIgniter\Session\Handlers\FileHandler' driver.
DEBUG - 2026-09-20 04:25:12 --> Session: Class initialized using 'CodeIgniter\Session\Handlers\FileHandler' driver.
DEBUG - 2026-09-20 04:26:24 --> Session: Class initialized using 'CodeIgniter\Session\Handlers\FileHandler' driver.
DEBUG - 2026-09-20 04:29:51 --> Session: Class initialized using 'CodeIgniter\Session\Handlers\FileHandler' driver.
DEBUG - 2026-09-20 04:29:54 --> Session: Class initialized using 'CodeIgniter\Session\Handlers\FileHandler' driver.
DEBUG - 2026-09-20 04:29:57 --> Session: Class initialized using 'CodeIgniter\Session\Handlers\FileHandler' driver.
DEBUG - 2026-09-20 04:29:58 --> Session: Class initialized using 'CodeIgniter\Session\Handlers\FileHandler' driver.
DEBUG - 2026-09-20 04:30:02 --> Session: Class initialized using 'CodeIgniter\Session\Handlers\FileHandler' driver.
DEBUG - 2026-09-20 04:30:05 --> Session: Class initialized using 'CodeIgniter\Session\Handlers\FileHandler' driver.
DEBUG - 2026-09-20 04:30:06 --> Session: Class initialized using 'CodeIgniter\Session\Handlers\FileHandler' driver.
DEBUG - 2026-09-20 04:30:08 --> Session: Class initialized using 'CodeIgniter\Session\Handlers\FileHandler' driver.
DEBUG - 2026-09-20 04:30:16 --> Session: Class initialized using 'CodeIgniter\Session\Handlers\FileHandler' driver.
DEBUG - 2026-09-20 04:30:16 --> Session: Class initialized using 'CodeIgniter\Session\Handlers\FileHandler' driver.
DEBUG - 2026-09-20 04:33:47 --> Session: Class initialized using 'CodeIgniter\Session\Handlers\FileHandler' driver.
DEBUG - 2026-09-20 04:33:47 --> Session: Class initialized using 'CodeIgniter\Session\Handlers\FileHandler' driver.
DEBUG - 2026-09-20 04:33:55 --> Session: Class initialized using 'CodeIgniter\Session\Handlers\FileHandler' driver.
DEBUG - 2026-09-20 04:33:56 --> Session: Class initialized using 'CodeIgniter\Session\Handlers\FileHandler' driver.
DEBUG - 2026-09-20 04:33:59 --> Session: Class initialized using 'CodeIgniter\Session\Handlers\FileHandler' driver.
DEBUG - 2026-09-20 04:34:03 --> Session: Class initialized using 'CodeIgniter\Session\Handlers\FileHandler' driver.
DEBUG - 2026-09-20 04:34:07 --> Session: Class initialized using 'CodeIgniter\Session\Handlers\FileHandler' driver.
DEBUG - 2026-09-20 04:34:08 --> Session: Class initialized using 'CodeIgniter\Session\Handlers\FileHandler' driver.
DEBUG - 2026-09-20 04:36:01 --> Session: Class initialized using 'CodeIgniter\Session\Handlers\FileHandler' driver.
DEBUG - 2026-09-20 04:36:17 --> Session: Class initialized using 'CodeIgniter\Session\Handlers\FileHandler' driver.
DEBUG - 2026-09-20 04:36:18 --> Session: Class initialized using 'CodeIgniter\Session\Handlers\FileHandler' driver.
DEBUG - 2026-09-20 04:37:12 --> Session: Class initialized using 'CodeIgniter\Session\Handlers\FileHandler' driver.
DEBUG - 2026-09-20 04:38:21 --> Session: Class initialized using 'CodeIgniter\Session\Handlers\FileHandler' driver.
DEBUG - 2026-09-20 04:38:24 --> Session: Class initialized using 'CodeIgniter\Session\Handlers\FileHandler' driver.
DEBUG - 2026-09-20 04:39:04 --> Session: Class initialized using 'CodeIgniter\Session\Handlers\FileHandler' driver.
DEBUG - 2026-09-20 04:39:05 --> Session: Class initialized using 'CodeIgniter\Session\Handlers\FileHandler' driver.
DEBUG - 2026-09-20 04:47:41 --> Session: Class initialized using 'CodeIgniter\Session\Handlers\FileHandler' driver.
DEBUG - 2026-09-20 04:47:42 --> Session: Class initialized using 'CodeIgniter\Session\Handlers\FileHandler' driver.
DEBUG - 2026-09-20 04:47:45 --> Session: Class initialized using 'CodeIgniter\Session\Handlers\FileHandler' driver.
DEBUG - 2026-09-20 04:48:45 --> Session: Class initialized using 'CodeIgniter\Session\Handlers\FileHandler' driver.
DEBUG - 2026-09-20 04:48:45 --> Session: Class initialized using 'CodeIgniter\Session\Handlers\FileHandler' driver.
DEBUG - 2026-09-20 04:48:53 --> Session: Class initialized using 'CodeIgniter\Session\Handlers\FileHandler' driver.
CRITICAL - 2026-09-20 04:48:53 --> CodeIgniter\Database\Exceptions\DataException: There is no data to update.
[Method: POST, Route: penjualan/survey]
in SYSTEMPATH\BaseModel.php on line 1057.
 1 SYSTEMPATH\BaseModel.php(1057): CodeIgniter\Database\Exceptions\DataException::forEmptyDataset('update')
 2 SYSTEMPATH\Model.php(711): CodeIgniter\BaseModel->update([...], [])
 3 APPPATH\Controllers\Penjualan.php(63): CodeIgniter\Model->update('PJ202609200004', [...])
 4 SYSTEMPATH\CodeIgniter.php(974): App\Controllers\Penjualan->saveSurvey()
 5 SYSTEMPATH\CodeIgniter.php(520): CodeIgniter\CodeIgniter->runController(Object(App\Controllers\Penjualan))
 6 SYSTEMPATH\CodeIgniter.php(363): CodeIgniter\CodeIgniter->handleRequest(null, Object(Config\Cache), false)
 7 SYSTEMPATH\Boot.php(417): CodeIgniter\CodeIgniter->run()
 8 SYSTEMPATH\Boot.php(68): CodeIgniter\Boot::runCodeIgniter(Object(CodeIgniter\CodeIgniter))
 9 FCPATH\index.php(59): CodeIgniter\Boot::bootWeb(Object(Config\Paths))
10 SYSTEMPATH\rewrite.php(44): require_once('C:\\xampp\\htdocs\\posystem\\public\\index.php')
DEBUG - 2026-09-20 04:52:04 --> Session: Class initialized using 'CodeIgniter\Session\Handlers\FileHandler' driver.
DEBUG - 2026-09-20 04:52:05 --> Session: Class initialized using 'CodeIgniter\Session\Handlers\FileHandler' driver.
DEBUG - 2026-09-20 04:53:26 --> Session: Class initialized using 'CodeIgniter\Session\Handlers\FileHandler' driver.
DEBUG - 2026-09-20 04:53:26 --> Session: Class initialized using 'CodeIgniter\Session\Handlers\FileHandler' driver.
DEBUG - 2026-09-20 04:53:35 --> Session: Class initialized using 'CodeIgniter\Session\Handlers\FileHandler' driver.
CRITICAL - 2026-09-20 04:53:35 --> CodeIgniter\Database\Exceptions\DataException: There is no data to update.
[Method: POST, Route: penjualan/survey]
in SYSTEMPATH\BaseModel.php on line 1057.
 1 SYSTEMPATH\BaseModel.php(1057): CodeIgniter\Database\Exceptions\DataException::forEmptyDataset('update')
 2 SYSTEMPATH\Model.php(711): CodeIgniter\BaseModel->update([...], [])
 3 APPPATH\Controllers\Penjualan.php(63): CodeIgniter\Model->update('PJ202609200005', [...])
 4 SYSTEMPATH\CodeIgniter.php(974): App\Controllers\Penjualan->saveSurvey()
 5 SYSTEMPATH\CodeIgniter.php(520): CodeIgniter\CodeIgniter->runController(Object(App\Controllers\Penjualan))
 6 SYSTEMPATH\CodeIgniter.php(363): CodeIgniter\CodeIgniter->handleRequest(null, Object(Config\Cache), false)
 7 SYSTEMPATH\Boot.php(417): CodeIgniter\CodeIgniter->run()
 8 SYSTEMPATH\Boot.php(68): CodeIgniter\Boot::runCodeIgniter(Object(CodeIgniter\CodeIgniter))
 9 FCPATH\index.php(59): CodeIgniter\Boot::bootWeb(Object(Config\Paths))
10 SYSTEMPATH\rewrite.php(44): require_once('C:\\xampp\\htdocs\\posystem\\public\\index.php')
DEBUG - 2026-09-20 05:11:53 --> Session: Class initialized using 'CodeIgniter\Session\Handlers\FileHandler' driver.
DEBUG - 2026-09-20 05:13:48 --> Session: Class initialized using 'CodeIgniter\Session\Handlers\FileHandler' driver.
DEBUG - 2026-09-20 05:14:41 --> Session: Class initialized using 'CodeIgniter\Session\Handlers\FileHandler' driver.
DEBUG - 2026-09-20 05:20:29 --> Session: Class initialized using 'CodeIgniter\Session\Handlers\FileHandler' driver.
DEBUG - 2026-09-20 05:20:30 --> Session: Class initialized using 'CodeIgniter\Session\Handlers\FileHandler' driver.
DEBUG - 2026-09-20 05:20:41 --> Session: Class initialized using 'CodeIgniter\Session\Handlers\FileHandler' driver.
DEBUG - 2026-09-20 05:20:41 --> Session: Class initialized using 'CodeIgniter\Session\Handlers\FileHandler' driver.
DEBUG - 2026-09-20 05:20:42 --> Session: Class initialized using 'CodeIgniter\Session\Handlers\FileHandler' driver.
DEBUG - 2026-09-20 05:20:59 --> Session: Class initialized using 'CodeIgniter\Session\Handlers\FileHandler' driver.
DEBUG - 2026-09-20 05:21:00 --> Session: Class initialized using 'CodeIgniter\Session\Handlers\FileHandler' driver.
DEBUG - 2026-09-20 05:21:18 --> Session: Class initialized using 'CodeIgniter\Session\Handlers\FileHandler' driver.
DEBUG - 2026-09-20 05:21:19 --> Session: Class initialized using 'CodeIgniter\Session\Handlers\FileHandler' driver.
DEBUG - 2026-09-20 05:21:20 --> Session: Class initialized using 'CodeIgniter\Session\Handlers\FileHandler' driver.
DEBUG - 2026-09-20 05:21:48 --> Session: Class initialized using 'CodeIgniter\Session\Handlers\FileHandler' driver.
DEBUG - 2026-09-20 05:21:48 --> Session: Class initialized using 'CodeIgniter\Session\Handlers\FileHandler' driver.
DEBUG - 2026-09-20 05:22:22 --> Session: Class initialized using 'CodeIgniter\Session\Handlers\FileHandler' driver.
DEBUG - 2026-09-20 05:22:23 --> Session: Class initialized using 'CodeIgniter\Session\Handlers\FileHandler' driver.
DEBUG - 2026-09-20 05:22:55 --> Session: Class initialized using 'CodeIgniter\Session\Handlers\FileHandler' driver.
DEBUG - 2026-09-20 05:22:55 --> Session: Class initialized using 'CodeIgniter\Session\Handlers\FileHandler' driver.
DEBUG - 2026-09-20 05:23:52 --> Session: Class initialized using 'CodeIgniter\Session\Handlers\FileHandler' driver.
DEBUG - 2026-09-20 05:24:18 --> Session: Class initialized using 'CodeIgniter\Session\Handlers\FileHandler' driver.
DEBUG - 2026-09-20 05:24:19 --> Session: Class initialized using 'CodeIgniter\Session\Handlers\FileHandler' driver.
DEBUG - 2026-09-20 05:24:36 --> Session: Class initialized using 'CodeIgniter\Session\Handlers\FileHandler' driver.
DEBUG - 2026-09-20 05:24:42 --> Session: Class initialized using 'CodeIgniter\Session\Handlers\FileHandler' driver.
DEBUG - 2026-09-20 05:24:43 --> Session: Class initialized using 'CodeIgniter\Session\Handlers\FileHandler' driver.
DEBUG - 2026-09-20 05:24:49 --> Session: Class initialized using 'CodeIgniter\Session\Handlers\FileHandler' driver.
DEBUG - 2026-09-20 05:49:40 --> Session: Class initialized using 'CodeIgniter\Session\Handlers\FileHandler' driver.
DEBUG - 2026-09-20 05:49:41 --> Session: Class initialized using 'CodeIgniter\Session\Handlers\FileHandler' driver.
DEBUG - 2026-09-20 05:49:41 --> Session: Class initialized using 'CodeIgniter\Session\Handlers\FileHandler' driver.
DEBUG - 2026-09-20 05:49:42 --> Session: Class initialized using 'CodeIgniter\Session\Handlers\FileHandler' driver.
DEBUG - 2026-09-20 05:52:28 --> Session: Class initialized using 'CodeIgniter\Session\Handlers\FileHandler' driver.
DEBUG - 2026-09-20 05:52:28 --> Session: Class initialized using 'CodeIgniter\Session\Handlers\FileHandler' driver.
DEBUG - 2026-09-20 05:52:28 --> Session: Class initialized using 'CodeIgniter\Session\Handlers\FileHandler' driver.
DEBUG - 2026-09-20 06:00:54 --> Session: Class initialized using 'CodeIgniter\Session\Handlers\FileHandler' driver.
DEBUG - 2026-09-20 06:00:54 --> Session: Class initialized using 'CodeIgniter\Session\Handlers\FileHandler' driver.
DEBUG - 2026-09-20 06:01:01 --> Session: Class initialized using 'CodeIgniter\Session\Handlers\FileHandler' driver.
DEBUG - 2026-09-20 06:01:03 --> Session: Class initialized using 'CodeIgniter\Session\Handlers\FileHandler' driver.
DEBUG - 2026-09-20 06:01:03 --> Session: Class initialized using 'CodeIgniter\Session\Handlers\FileHandler' driver.
